// Jest Snapshot v1, https://goo.gl/fbAQLP

exports[`should execute fetch data 1`] = `
Array [
  Object {
    "payload": Array [
      Object {
        "BucketId": 1,
        "Description": "Small Features ",
        "Items": Array [
          Object {
            "BucketId": 1,
            "Description": "1. Clean up existing drag and drop logic to avoid user confusion. 
2. Ability to drag and drop to new dates and/or room class and have system calcuate new price before user confirms
3. Ability to extend or shorten an existing reservation on tape chart
4. ",
            "ItemId": 1,
            "ItemTitle": "Tape Chart: Usability Improvements",
            "MockUpLink": "\\"Mocks for tape chart will be change slightly but you can see general direction here:

https://invis.io/EJ9MNRKXK#/130112002_Chalk_Extend1\\"
",
            "OrderInLane": 1,
            "Priority": 1,
            "Type": "UI",
            "Version": 0,
          },
          Object {
            "BucketId": 1,
            "Description": "Allow user to sort tape chart by room number (and show room class as column).  Currently the tape chart is grouped by room class and sorted by room number within room class, but sorting by room number allows hotel manager to more easily see exactly where ",
            "ItemId": 2,
            "ItemTitle": "Tape Chart - Sort by Room Number",
            "MockUpLink": "Pending",
            "OrderInLane": 2,
            "Priority": 2,
            "Type": "UI",
            "Version": 0,
          },
          Object {
            "BucketId": 1,
            "Description": "- Combine basic search into a single search field
- Allow user to search by room number
- Add columns/data to result table",
            "ItemId": 3,
            "ItemTitle": "Reservation Search Usability Improvements",
            "MockUpLink": "Pending",
            "OrderInLane": 3,
            "Priority": 4,
            "Type": "Feature + UI",
            "Version": 0,
          },
          Object {
            "BucketId": 1,
            "Description": "Add Clean/Dirty indicator to each room on tape chart",
            "ItemId": 4,
            "ItemTitle": "Tape Chart - Add Room Status ",
            "MockUpLink": "Pending",
            "OrderInLane": 4,
            "Priority": 5,
            "Type": "UI",
            "Version": 0,
          },
          Object {
            "BucketId": 1,
            "Description": "Report that displays reservations on the books For a range of dates this year compared to reservations on the books last year at the same point in time for those same dates.

Rows for each date in the selected date range.

Columns for Room Nights, Occupan",
            "ItemId": 72,
            "ItemTitle": "Pace Report",
            "MockUpLink": "Pending",
            "OrderInLane": 1,
            "Priority": 9,
            "Type": "Report",
            "Version": 0,
          },
          Object {
            "BucketId": 1,
            "Description": "Allow user to edit rack rate (using existing rate override feature) directly from tape chart.
",
            "ItemId": 73,
            "ItemTitle": "Tape Chart - Rate Change",
            "MockUpLink": "Pending",
            "OrderInLane": 2,
            "Priority": 14,
            "Type": "Tape Chart",
            "Version": 0,
          },
          Object {
            "BucketId": 1,
            "Description": "Allow user to create list of \\"events\\" in system (i.e. Car Show), with a start and end date and then display these events in tape chart.",
            "ItemId": 74,
            "ItemTitle": "Events",
            "MockUpLink": "Pending",
            "OrderInLane": 3,
            "Priority": 15,
            "Type": "New Feature",
            "Version": 0,
          },
          Object {
            "BucketId": 1,
            "Description": "Assign \\"Unassigned\\" reservations directly from Tape Chart.  We would largely re-use parking lot UI for this.",
            "ItemId": 75,
            "ItemTitle": "Tape Chart - Assign Unassigned",
            "MockUpLink": "Pending",
            "OrderInLane": 4,
            "Priority": 17,
            "Type": "Tape Chart",
            "Version": 0,
          },
          Object {
            "BucketId": 1,
            "Description": "Our system currently prevents a multi property client from moving a reservation from one property to another.  We would like to allow for this, so a client could move a reservation to one of their other nearby properties.",
            "ItemId": 76,
            "ItemTitle": "Move reservation to another property (for a multi property client)",
            "MockUpLink": "Pending",
            "OrderInLane": 5,
            "Priority": 18,
            "Type": "New Feature",
            "Version": 0,
          },
          Object {
            "BucketId": 1,
            "Description": "Add new reservation report that displays notes for a 1 or more note type, for the reservations in the user's search.",
            "ItemId": 77,
            "ItemTitle": "Notes Report",
            "MockUpLink": "Pending",
            "OrderInLane": 6,
            "Priority": 19,
            "Type": "Report",
            "Version": 0,
          },
          Object {
            "BucketId": 1,
            "Description": "We have ability today to create items/add ons.  This feature would be to add fields for:
1. In Stock (decrements each time the item is added to a reservation.
2. Reorder Threshold (When in stock hits this number send alert to client)
3. Stop Sell Threshol",
            "ItemId": 78,
            "ItemTitle": "Basic Stock Mgmt",
            "MockUpLink": "Pending",
            "OrderInLane": 7,
            "Priority": 20,
            "Type": "New Feature",
            "Version": 0,
          },
          Object {
            "BucketId": 1,
            "Description": "Ability to create custom fields (i.e. Allergy, License Plate, etc) and then store information in these fields for a given reservation.  Ideally would make these available on new booking engine",
            "ItemId": 79,
            "ItemTitle": "Custom Fields",
            "MockUpLink": "Pending",
            "OrderInLane": 8,
            "Priority": 26,
            "Type": "Reservations",
            "Version": 0,
          },
        ],
        "OrderInVertical": 18,
      },
      Object {
        "BucketId": 2,
        "Description": "Booking Engine",
        "Items": Array [
          Object {
            "BucketId": 2,
            "Description": "Allows a consumer to browse a clients hotel availability and book a room on both destop and mobile devices",
            "ItemId": 5,
            "ItemTitle": "End to End Booking Process",
            "MockUpLink": "See dev environment for latest:
http://kembledev.client.inrd.io/",
            "OrderInLane": 1,
            "Priority": 1,
            "Type": "Replicate current feature",
            "Version": 1,
          },
          Object {
            "BucketId": 2,
            "Description": "Enable implementation to generate a booking engine for a client",
            "ItemId": 6,
            "ItemTitle": "Procurement of BookingEngine",
            "MockUpLink": "Accessed from innSupport",
            "OrderInLane": 2,
            "Priority": 2,
            "Type": "New Feature",
            "Version": 1,
          },
          Object {
            "BucketId": 2,
            "Description": "Tool to configure basic styles and settings of a client's booking engine that can be used by the client as well as innRoad support team",
            "ItemId": 7,
            "ItemTitle": "Configuration Page",
            "MockUpLink": "This page is password protected.  In order to access it, log into dev environment (http://dev.icn.inrd.io) with your innroad credentials, select kemble from client selector (gear icon on right), fo to set up -->  properties --> options --> configure booki",
            "OrderInLane": 3,
            "Priority": 3,
            "Type": "New Feature",
            "Version": 1,
          },
          Object {
            "BucketId": 2,
            "Description": "Allows consumer to view booking engine in supported language.  Note: this only applies to standard text.  User generated content will not be translated",
            "ItemId": 8,
            "ItemTitle": "Language",
            "MockUpLink": "See dev environment for latest:
http://kembledev.client.inrd.io/",
            "OrderInLane": 4,
            "Priority": 4,
            "Type": "New Feature",
            "Version": 1,
          },
          Object {
            "BucketId": 2,
            "Description": "Allow guest to enter a note when booking a reservationa and store this as a note on the reservation (into existing notes section)",
            "ItemId": 9,
            "ItemTitle": "Guest Notes",
            "MockUpLink": "https://invis.io/SUD4FCL3P#/258238394_Check-Out-Page-InstructionsOpen",
            "OrderInLane": 5,
            "Priority": 5,
            "Type": "Replicate current feature",
            "Version": 1,
          },
          Object {
            "BucketId": 2,
            "Description": "- Display a grid of each room class and calendar day to the prospective guest, including Availability, Rules and Rates per room class.
- User can kick off booking process by selecting a room class, check in and check out date. This then takes them to the ",
            "ItemId": 10,
            "ItemTitle": "Availability Grid",
            "MockUpLink": "https://invis.io/WCAYVGHJ8#/224587154_Check_Out_Hover",
            "OrderInLane": 6,
            "Priority": 5,
            "Type": "New Feature",
            "Version": 2,
          },
          Object {
            "BucketId": 2,
            "Description": "Update main calendar to show availability and rules for the overall property. This enables a user to better understand availability when selected a check in and check out date from the main calednar selector.",
            "ItemId": 11,
            "ItemTitle": "Availability Calendar",
            "MockUpLink": "https://invis.io/SUD4FCL3P#/256664155_Homepage_Calendar-100",
            "OrderInLane": 7,
            "Priority": 5,
            "Type": "Replicate current feature",
            "Version": 2,
          },
          Object {
            "BucketId": 2,
            "Description": "Refactor the manner in which Booking Engine displays room class images, so that it can pull serve the images associated to a given room class.  Currently, the tech teaam has to manually copy the room class images from innCenter to some special location th",
            "ItemId": 12,
            "ItemTitle": "Image Handling",
            "MockUpLink": "No changes to UI",
            "OrderInLane": 8,
            "Priority": 5.5,
            "Type": "Replicate current feature",
            "Version": 2,
          },
          Object {
            "BucketId": 2,
            "Description": "Update the method that is used by the new Booking Engine to send emails.  Currently, the solution was hacked in order to send a confirmation email and the system does not schedule any other emails for the reservation based on the client's email settings/t",
            "ItemId": 13,
            "ItemTitle": "Scheduled Emails ",
            "MockUpLink": "No changes to UI",
            "OrderInLane": 9,
            "Priority": 5.5,
            "Type": "Replicate current feature",
            "Version": 2,
          },
          Object {
            "BucketId": 2,
            "Description": "- Allow a prospective guest to search for rooms with a \\"Group Number/Promo Code\\" and see preferential pricing for that Group
- When reservation is booked it is linked to the Group Block",
            "ItemId": 14,
            "ItemTitle": "Group Booking",
            "MockUpLink": "Pending:  UI will allow user to enter group number and pick up one of the blocked rooms for the entered group",
            "OrderInLane": 10,
            "Priority": 6,
            "Type": "Replicate current feature",
            "Version": 2,
          },
          Object {
            "BucketId": 2,
            "Description": "- Ability for a guest to book multiple rooms from the booking engine.
- We can store these as separate reservations in innCenter (we already do this when a guest books multiple rooms from an OTA) but guest would ideally only receive 1 confirmation email",
            "ItemId": 15,
            "ItemTitle": "Multi Room Booking",
            "MockUpLink": "Pending: UI will be very similar to Create reservation flow in v1.  However, the user will be able to specify the number of required rooms and then choose 1 or more room classes (i.e. add a quantity drop down to result set).
",
            "OrderInLane": 11,
            "Priority": 7,
            "Type": "New Feature",
            "Version": 2,
          },
          Object {
            "BucketId": 2,
            "Description": "Widget that can be placed on a clients corporate site, which allows their prospective guests to enter check in/out date and jump to innRoad powered Booking Engine.  Simply provide a basic HTML/CSS/JS snippet that client can grab from config page and add t",
            "ItemId": 16,
            "ItemTitle": "Booking Widget for Corporate Site",
            "MockUpLink": "Pending:  HTML/CSS/JS generator for simple widget",
            "OrderInLane": 12,
            "Priority": 8,
            "Type": "Replicate current feature",
            "Version": 2,
          },
          Object {
            "BucketId": 2,
            "Description": "Widget that compares the hotels direct booking price vs. price for that hotel on OTAs, so that the user can be confident that they are getting the best price. (for first version we can get rates from innCenter for each source)",
            "ItemId": 17,
            "ItemTitle": "Price Check",
            "MockUpLink": "Pending",
            "OrderInLane": 13,
            "Priority": 1,
            "Type": "New Feature",
            "Version": 0,
          },
          Object {
            "BucketId": 2,
            "Description": "If guest enters a first name, last name, email address, combination that matches exactly to a profile that already exists in innRoad, link the reservation to that profile",
            "ItemId": 18,
            "ItemTitle": "Prevent Duplicate Guest Profiles",
            "MockUpLink": "n/a",
            "OrderInLane": 14,
            "Priority": 10,
            "Type": "New Feature",
            "Version": 0,
          },
          Object {
            "BucketId": 2,
            "Description": "Create multi property booking engine, where by a consumer can search for rooms across all properties for a given client",
            "ItemId": 19,
            "ItemTitle": "Multi Property Booking Engine",
            "MockUpLink": "Pending",
            "OrderInLane": 15,
            "Priority": 21,
            "Type": "Replicate current feature",
            "Version": 0,
          },
          Object {
            "BucketId": 2,
            "Description": "Provide more clear messages to user so they understand why they are getting an error.

Example 1:  if a guests search doesn't meet 3 night min restriction, instead of saying \\"no availability\\" display something like \\"your stay dates don't meet the properti",
            "ItemId": 20,
            "ItemTitle": "Error Handling / Messages",
            "MockUpLink": "n/a",
            "OrderInLane": 16,
            "Priority": 30,
            "Type": "Error Handling",
            "Version": 0,
          },
        ],
        "OrderInVertical": 2,
      },
      Object {
        "BucketId": 3,
        "Description": "Rates",
        "Items": Array [
          Object {
            "BucketId": 3,
            "Description": "Combines existing grid + blackouts screen + rules.  Allows user to view occupancy, rates, blackouts and rules for each rate plan (including derived rates) and day of the year.  ",
            "ItemId": 21,
            "ItemTitle": "Rate Grid UI",
            "MockUpLink": "https://invis.io/SFDG0VOJC#/254341256_RateGrid-100",
            "OrderInLane": 1,
            "Priority": 1,
            "Type": "UI Update",
            "Version": 1,
          },
          Object {
            "BucketId": 3,
            "Description": "Adjust rates inline, from within the rate grid for 1 or more room classes, dates and a given rate plan",
            "ItemId": 22,
            "ItemTitle": "inline Edit Rates",
            "MockUpLink": "https://invis.io/SFDG0VOJC#/254558692_RateGrid-InlineEdit-100",
            "OrderInLane": 2,
            "Priority": 2,
            "Type": "UI Update",
            "Version": 1,
          },
          Object {
            "BucketId": 3,
            "Description": "Select a date range, day(s) of the week, room class(es) and/or source to mass change rate for selected criteria by a nominal or percentage increase/decrease.",
            "ItemId": 23,
            "ItemTitle": "Bulk Update Rate",
            "MockUpLink": "https://invis.io/SFDG0VOJC#/254571953_RateGrid-UpdateRates-100",
            "OrderInLane": 3,
            "Priority": 2,
            "Type": "New Feature",
            "Version": 1,
          },
          Object {
            "BucketId": 3,
            "Description": "Select a date range, day(s) of the week, room class(es) and/or source, to mass change room availability across 1 or more distribution channels (i.e. don't sell on expedia during month of July)",
            "ItemId": 24,
            "ItemTitle": "Bulk Update Availability",
            "MockUpLink": "https://invis.io/SFDG0VOJC#/254563795_RateGrid-UpdateAvailability-100",
            "OrderInLane": 4,
            "Priority": 3,
            "Type": "New Feature",
            "Version": 1,
          },
          Object {
            "BucketId": 3,
            "Description": "Select a date range, day(s) of the week, room class(es) and/or sources to mass change rules.  Rule types include: min stay. max stay, Adv Book min, Adv Book max, closed to arrival, closed to departure (i.e. Add 2 night minimum for ever Friday in summer mo",
            "ItemId": 25,
            "ItemTitle": "Bulk Update Rules",
            "MockUpLink": "https://invis.io/SFDG0VOJC#/254558693_RateGrid-UpdateRule-100",
            "OrderInLane": 5,
            "Priority": 4,
            "Type": "New Feature",
            "Version": 1,
          },
          Object {
            "BucketId": 3,
            "Description": "Wizard that allows a user to easily create a rate plan and seasons. 
- Associate room classes to seasons, and specific rates for each including setting max number of guests per room class and rate differences for additional adults and children in the room",
            "ItemId": 26,
            "ItemTitle": "Rate Plan / Season Builder - Basic",
            "MockUpLink": "https://invis.io/QACD1RQVZ#/235510110_Rates_BusyWeekend_First_Day-01",
            "OrderInLane": 6,
            "Priority": 5,
            "Type": "UI Update",
            "Version": 2,
          },
          Object {
            "BucketId": 3,
            "Description": "Create new rate plans that are derived off of existing rate plans (e.g. derived rate plan that is 10% off the Rack Rate Plan)",
            "ItemId": 27,
            "ItemTitle": "Rate Plan / Season Builder - Derived Rates",
            "MockUpLink": "https://invis.io/QACD1RQVZ#/235510098_Dervied_Filled_Out-01",
            "OrderInLane": 7,
            "Priority": 6,
            "Type": "UI Update",
            "Version": 2,
          },
          Object {
            "BucketId": 3,
            "Description": "- Update the UI for managing taxes and fees, and for associating them to ledgers
- Allow fees to be added as a \\"per stay\\"  (single fee is added to reservation regardless of length of stay) component, \\"per person\\", \\"per person per night\\".
- Allow fees per ",
            "ItemId": 28,
            "ItemTitle": "Taxes and Fees",
            "MockUpLink": "Pending",
            "OrderInLane": 8,
            "Priority": 7,
            "Type": "UI + Feature",
            "Version": 2,
          },
          Object {
            "BucketId": 3,
            "Description": "Create rate plans that include the room plus addiitonal items, offered to the guest for a single price (e.g. The Romance Package that includes Room, chocolates, and wine). ",
            "ItemId": 29,
            "ItemTitle": "Bundles",
            "MockUpLink": "Pending",
            "OrderInLane": 9,
            "Priority": 8,
            "Type": "UI Update",
            "Version": 2,
          },
          Object {
            "BucketId": 3,
            "Description": "Create rate plans and rates with stay intervals longer than 1 night (e.g. 1 week, 1 month, etc.). ",
            "ItemId": 30,
            "ItemTitle": "Interval Rates",
            "MockUpLink": "Pending",
            "OrderInLane": 10,
            "Priority": 8,
            "Type": "UI Update",
            "Version": 2,
          },
          Object {
            "BucketId": 3,
            "Description": "Create add-on items for sale to guests (e.g. massages, bottles of wine, etc.) and associate them with rate plans so that they are available to add to a reservation when a guest books that plan",
            "ItemId": 31,
            "ItemTitle": "Add-Ons",
            "MockUpLink": "Pending",
            "OrderInLane": 11,
            "Priority": 8,
            "Type": "UI Update",
            "Version": 2,
          },
          Object {
            "BucketId": 3,
            "Description": "Adding rate plans to Expedia and Booking.com currently requires a manual mapping process. Directly connecting to the OTA's so that new rate plans can be automatically added would add a lot of business value to our clients and free up internal resources.",
            "ItemId": 32,
            "ItemTitle": "Automatically Map Rate Plan to OTA's",
            "MockUpLink": "Pending",
            "OrderInLane": 12,
            "Priority": 25,
            "Type": "New Feature",
            "Version": 0,
          },
        ],
        "OrderInVertical": 3,
      },
      Object {
        "BucketId": 4,
        "Description": "CC Gateway",
        "Items": Array [
          Object {
            "BucketId": 4,
            "Description": "1.  innRoad becomes a payment platform that integrates directly to processors
2.  Allows innroad to add payment platform as significant revenue stream.",
            "ItemId": 33,
            "ItemTitle": "innRoad becomes payment gateway",
            "MockUpLink": "n/a",
            "OrderInLane": 1,
            "Priority": 35,
            "Type": "Feature",
            "Version": 0,
          },
        ],
        "OrderInVertical": 4,
      },
      Object {
        "BucketId": 5,
        "Description": "CRM / Email Marketing",
        "Items": Array [
          Object {
            "BucketId": 5,
            "Description": "Advanced Search
Marketing Emails
Mail Merge Fields
Campaign Analytics (Opens, Clicks, etc)
Email Templates
Saved Searches",
            "ItemId": 34,
            "ItemTitle": "New Email Marketing module",
            "MockUpLink": "Pending",
            "OrderInLane": 1,
            "Priority": 11,
            "Type": "Feature",
            "Version": 0,
          },
        ],
        "OrderInVertical": 5,
      },
      Object {
        "BucketId": 6,
        "Description": "Demand Management",
        "Items": Array [
          Object {
            "BucketId": 6,
            "Description": "Wizard helps customer set their goals for the year and create rules/thresholds at which point they would like to be notified.",
            "ItemId": 35,
            "ItemTitle": "Goal & Alert Settings",
            "MockUpLink": "https://invis.io/SFDG0VOJC#/279571119_Concept-7-Welcometoratealert-8",
            "OrderInLane": 1,
            "Priority": 1,
            "Type": "New Feature",
            "Version": 1,
          },
          Object {
            "BucketId": 6,
            "Description": "System monitors occupancy and revenue and emails an alert to the user, as soon as a given rule is triggered",
            "ItemId": 36,
            "ItemTitle": "Alerts",
            "MockUpLink": "https://invis.io/SFDG0VOJC#/270692966_MailTemplate-8",
            "OrderInLane": 2,
            "Priority": 1,
            "Type": "New Feature",
            "Version": 1,
          },
          Object {
            "BucketId": 6,
            "Description": "1. Highlight days that have triggered an alert in occupancy row
2. Ability to view list of alerts in side bar
3. Ability to select a specific day or alert and view basic supporting information (occupancy, ADR, Revenue, Room Class Availability, Channels, R",
            "ItemId": 37,
            "ItemTitle": "Alerts on Rate Grid",
            "MockUpLink": "https://invis.io/SFDG0VOJC#/275507682_March13-Sidebar-8",
            "OrderInLane": 3,
            "Priority": 1,
            "Type": "New Feature",
            "Version": 1,
          },
          Object {
            "BucketId": 6,
            "Description": "Visual dashboard that displays how customer is tracking against their goals, including stat for Booking $ from alerts:
- If rate was increased, show net additional revenue gained from bookings for that period, that were made after rate increase (price dif",
            "ItemId": 38,
            "ItemTitle": "Dashboard",
            "MockUpLink": "https://invis.io/SFDG0VOJC#/277441792_Concept-7-DM-SinglemonthView-8",
            "OrderInLane": 4,
            "Priority": 2,
            "Type": "New Feature",
            "Version": 2,
          },
          Object {
            "BucketId": 6,
            "Description": "1.  Record all searches that occur on Booking Engine and innCenter so that we can understand the hotel's \\"demand\\" for a given set of dates and anaylyze conversion (i.e. searches are up by 200% for month of January but conversion is lower than average expe",
            "ItemId": 39,
            "ItemTitle": "Additional Side Bar Data",
            "MockUpLink": "https://invis.io/SFDG0VOJC#/275507682_March13-Sidebar-8
",
            "OrderInLane": 5,
            "Priority": 3,
            "Type": "New Feature",
            "Version": 2,
          },
          Object {
            "BucketId": 6,
            "Description": "For customers that have been using innRoad for a year (or new customers that imported historical data), use that data to help the user set their goals for the year.",
            "ItemId": 40,
            "ItemTitle": "Historical Data",
            "MockUpLink": "Pending",
            "OrderInLane": 6,
            "Priority": 4,
            "Type": "New Feature",
            "Version": 2,
          },
          Object {
            "BucketId": 6,
            "Description": "Scrape comp rates and Incorporate rate info into alerts to help hotelier make even more informed decisions (i.e. alert me when I become lowest rate, alert me when my competitor lowers their rate, etc)",
            "ItemId": 41,
            "ItemTitle": "Competitive Rates",
            "MockUpLink": "Pending",
            "OrderInLane": 7,
            "Priority": 2,
            "Type": "New Feature",
            "Version": 0,
          },
          Object {
            "BucketId": 6,
            "Description": "When a client puts rules in place such as 2 night minimums, it can become possible where the surrounding nights get booked and the only possible way to book a given night is to book a 1 night stay that violates the rule.  These are known as \\"orphaned\\" nig",
            "ItemId": 42,
            "ItemTitle": "Rule Alerts",
            "MockUpLink": "Pending",
            "OrderInLane": 8,
            "Priority": 3,
            "Type": "Feature",
            "Version": 0,
          },
          Object {
            "BucketId": 6,
            "Description": "Allow client to create preset rules that automatically change rates (\\"increase rate by x% when occupancy is >y%\\")",
            "ItemId": 43,
            "ItemTitle": "Automated Rules / Rate Changes",
            "MockUpLink": "Pending",
            "OrderInLane": 9,
            "Priority": 4,
            "Type": "New Feature",
            "Version": 0,
          },
        ],
        "OrderInVertical": 6,
      },
      Object {
        "BucketId": 7,
        "Description": "Email",
        "Items": Array [
          Object {
            "BucketId": 7,
            "Description": "1. Build a page that allows a user to view a list of all emails that have been sent from the system for their property including ability to search/filter by date, reservation id, guest name and email address.
2. Page allows user to access a copy of the em",
            "ItemId": 44,
            "ItemTitle": "Email delivery log",
            "MockUpLink": "Pending",
            "OrderInLane": 1,
            "Priority": 29,
            "Type": "Feature",
            "Version": 0,
          },
        ],
        "OrderInVertical": 7,
      },
      Object {
        "BucketId": 8,
        "Description": "Groups",
        "Items": Array [
          Object {
            "BucketId": 8,
            "Description": "1. New UI for groups module
2. Improve Performance
3. Incorporate occupancy/forecast data into tool to allow users to better understand how the group booking/block will affect their occupancy and revenue (i.e. is it better to sell these 40 group rooms at ",
            "ItemId": 45,
            "ItemTitle": "Groups module Overhaul",
            "MockUpLink": "Pending",
            "OrderInLane": 1,
            "Priority": 22,
            "Type": "Feature",
            "Version": 0,
          },
        ],
        "OrderInVertical": 8,
      },
      Object {
        "BucketId": 9,
        "Description": "Integration",
        "Items": Array [
          Object {
            "BucketId": 9,
            "Description": "Build 2 way integration between innRoad and AirBnB so that we can push out rates and availability updates, and create received reservations.

Note: waiting on api documentaation/access",
            "ItemId": 46,
            "ItemTitle": "AirBnB Direct Connect",
            "MockUpLink": "n/a",
            "OrderInLane": 1,
            "Priority": 6,
            "Type": "Integration",
            "Version": 0,
          },
          Object {
            "BucketId": 9,
            "Description": "Build an integration with ota's in HomeAway family.  This would either be a 2 way integration or an \\"ical\\" integration depending on access/availability of an API which were are currently looking into.

If we go the \\"ical\\" direction, we would simply mainta",
            "ItemId": 47,
            "ItemTitle": "Homeaway",
            "MockUpLink": "n/a",
            "OrderInLane": 2,
            "Priority": 7,
            "Type": "Integration",
            "Version": 0,
          },
          Object {
            "BucketId": 9,
            "Description": "Add ability to generate a plain text \\"IIF\\" file, that allows users to export financial information for a given period and then import it into QuickBooks.  System should keep track of last time the export was run so that the subsequent run only includes da",
            "ItemId": 48,
            "ItemTitle": "QuickBooks Desktop",
            "MockUpLink": "Pending",
            "OrderInLane": 3,
            "Priority": 8,
            "Type": "Integration",
            "Version": 0,
          },
          Object {
            "BucketId": 9,
            "Description": "Add ability to push financial data from innRoad into QuickBooks online using the QuickBooks API.  System should keep track of last time the export was run so that the subsequent run only includes data from that date forward.",
            "ItemId": 49,
            "ItemTitle": "QuickBooks Online",
            "MockUpLink": "Pending",
            "OrderInLane": 4,
            "Priority": 8,
            "Type": "Integration",
            "Version": 0,
          },
        ],
        "OrderInVertical": 9,
      },
      Object {
        "BucketId": 10,
        "Description": "Interfaces",
        "Items": Array [
          Object {
            "BucketId": 10,
            "Description": "Spa, Golf, POS, etc",
            "ItemId": 50,
            "ItemTitle": "Additional System Integrations",
            "MockUpLink": "n/a",
            "OrderInLane": 1,
            "Priority": 32,
            "Type": "Feature",
            "Version": 0,
          },
        ],
        "OrderInVertical": 10,
      },
      Object {
        "BucketId": 11,
        "Description": "Large/Full Service",
        "Items": Array [
          Object {
            "BucketId": 11,
            "Description": "Large bucket to represent features needed for large/full service hotels (interfaces, additional OTA, etc)",
            "ItemId": 51,
            "ItemTitle": "Bucket for features needed for up market",
            "MockUpLink": "Pending",
            "OrderInLane": 1,
            "Priority": 33,
            "Type": "Feature",
            "Version": 0,
          },
        ],
        "OrderInVertical": 11,
      },
      Object {
        "BucketId": 12,
        "Description": "More Internatoinal",
        "Items": Array [
          Object {
            "BucketId": 12,
            "Description": "Large bucket to represent moving into additional geographies (Ireland, Australia, Eurpope, etc)",
            "ItemId": 52,
            "ItemTitle": "Bucket for additional international locations",
            "MockUpLink": "n/a",
            "OrderInLane": 1,
            "Priority": 13,
            "Type": "Feature",
            "Version": 0,
          },
        ],
        "OrderInVertical": 12,
      },
      Object {
        "BucketId": 13,
        "Description": "Other Segments (i.e. Hostels)",
        "Items": Array [
          Object {
            "BucketId": 13,
            "Description": "Large bucket to represent features needed to enter other segments like hostels, vacation rentals, campgrounds, etc. ",
            "ItemId": 53,
            "ItemTitle": "Bucket to move into other segments (i.e. hostels)",
            "MockUpLink": null,
            "OrderInLane": 1,
            "Priority": 34,
            "Type": "Feature",
            "Version": 0,
          },
        ],
        "OrderInVertical": 13,
      },
      Object {
        "BucketId": 14,
        "Description": "Payment",
        "Items": Array [
          Object {
            "BucketId": 14,
            "Description": "1.  Update innRoad so that it can be configured with additional payment gateways.  For this initial project we would want to add 1 payment gateway that ideally works for Canada and UK.
2. Ability to store multiple CC's per reservation and then choose appr",
            "ItemId": 54,
            "ItemTitle": "International Gateway + EMV",
            "MockUpLink": "n/a",
            "OrderInLane": 1,
            "Priority": 5,
            "Type": "Feature",
            "Version": 0,
          },
        ],
        "OrderInVertical": 14,
      },
      Object {
        "BucketId": 15,
        "Description": "Audit Trail ",
        "Items": Array [
          Object {
            "BucketId": 15,
            "Description": "New section within Inventory that displays a log of all changes that were made, including date of change, user, update summary (i.e. David changed Rate from $200 to $150 for rack rate)",
            "ItemId": 55,
            "ItemTitle": "Rates Audit Trail",
            "MockUpLink": "Pending",
            "OrderInLane": 1,
            "Priority": 27,
            "Type": "Feature",
            "Version": 0,
          },
          Object {
            "BucketId": 15,
            "Description": "Build a page that allows a user to select a date range and user, and view all activities that the user has performed in the system during the specified date range (initial version would show changes for sections that we will already be tracking changes fo",
            "ItemId": 56,
            "ItemTitle": "User Log",
            "MockUpLink": "Pending",
            "OrderInLane": 2,
            "Priority": 31,
            "Type": "Feature",
            "Version": 0,
          },
        ],
        "OrderInVertical": 15,
      },
      Object {
        "BucketId": 16,
        "Description": "Reports",
        "Items": Array [
          Object {
            "BucketId": 16,
            "Description": "1. Update Report UI, including addition of sortable html pages (currently reports are generated directly to pdf)
2. Download data to excel
3. Ability to \\"save\\" reports (i.e. save filter criteria)
4. Introduce some graphical elements to reports.",
            "ItemId": 57,
            "ItemTitle": "Report Module Overhaul",
            "MockUpLink": "Pending",
            "OrderInLane": 1,
            "Priority": 24,
            "Type": "Feature",
            "Version": 0,
          },
        ],
        "OrderInVertical": 16,
      },
      Object {
        "BucketId": 17,
        "Description": "Additional Services",
        "Items": Array [
          Object {
            "BucketId": 17,
            "Description": "Large bucket to represent other services that could be pursued (Guest Experience Management, Labor Mgmt, Advanced Operations, Point of Sale, etc)",
            "ItemId": 58,
            "ItemTitle": "Bucket for additional services",
            "MockUpLink": "Pending",
            "OrderInLane": 1,
            "Priority": 12,
            "Type": "Feature",
            "Version": 0,
          },
        ],
        "OrderInVertical": 17,
      },
      Object {
        "BucketId": 18,
        "Description": "Reservations",
        "Items": Array [
          Object {
            "BucketId": 18,
            "Description": "UI overhaul for viewing and updating a reservation on desktop",
            "ItemId": 59,
            "ItemTitle": "View / Update Reservation - Desktop",
            "MockUpLink": "https://invis.io/VZ57JLFSJ#/115269924_ExistingReservation",
            "OrderInLane": 1,
            "Priority": 0,
            "Type": "UI",
            "Version": 1,
          },
          Object {
            "BucketId": 18,
            "Description": "UI overhaul for viewing and updating a reservation on mobile device",
            "ItemId": 60,
            "ItemTitle": "View / Update Reservation - Mobile",
            "MockUpLink": "https://invis.io/YME8U64X5#/252451038_ViewReservation",
            "OrderInLane": 2,
            "Priority": 0,
            "Type": "UI",
            "Version": 1,
          },
          Object {
            "BucketId": 18,
            "Description": "UI overhaul for creating a reservation on desktop",
            "ItemId": 61,
            "ItemTitle": "Create Reservation - Desktop",
            "MockUpLink": "https://invis.io/KZAO02TU9#/221387619_ReservationSearch-Widget",
            "OrderInLane": 3,
            "Priority": 0,
            "Type": "UI",
            "Version": 1,
          },
          Object {
            "BucketId": 18,
            "Description": "UI overhaul for creating a reservation on mobile",
            "ItemId": 62,
            "ItemTitle": "Create Reservation - Mobile",
            "MockUpLink": "https://invis.io/78E7Y8Y9J#/261260372_FindRoomWidget-100",
            "OrderInLane": 4,
            "Priority": 0,
            "Type": "UI",
            "Version": 1,
          },
          Object {
            "BucketId": 18,
            "Description": "Ability to create multi room reservations. We will initially require both rooms to have the same stay dates (user can simply specifiy number of rooms and then select 1 or more room classes)",
            "ItemId": 63,
            "ItemTitle": "Multi Room Booking",
            "MockUpLink": "UI will be very similar to Create reservation mocks above.  However, the user will be able to specify the number of required rooms and then choose 1 or more room classes (i.e. add a quantity drop down to result set)",
            "OrderInLane": 5,
            "Priority": 2,
            "Type": "Feature",
            "Version": 2,
          },
          Object {
            "BucketId": 18,
            "Description": "New tab in view reservation that shows history of changes",
            "ItemId": 64,
            "ItemTitle": "Reservation Audit Trail",
            "MockUpLink": "We will likely descope filters for this mockup:
https://invis.io/VZ57JLFSJ#/149056718_HistoryLog_Category",
            "OrderInLane": 6,
            "Priority": 3,
            "Type": "Feature",
            "Version": 2,
          },
          Object {
            "BucketId": 18,
            "Description": "Ability to collect and store digital signature on desktop and mobile",
            "ItemId": 65,
            "ItemTitle": "Digital Signature",
            "MockUpLink": "These need a little work but gives you sense of general direction:
https://invis.io/P878LHTNB#/156837842_ExistingReservationCheckin",
            "OrderInLane": 7,
            "Priority": 4,
            "Type": "Feature",
            "Version": 2,
          },
          Object {
            "BucketId": 18,
            "Description": "UI/UX update to check in process, including UX update to any required payment. Includes making this process mobile friendly.   ",
            "ItemId": 66,
            "ItemTitle": "Check In",
            "MockUpLink": "These need a little work but gives you sense of general direction:
https://invis.io/P878LHTNB#/156837842_ExistingReservationCheckin",
            "OrderInLane": 8,
            "Priority": 4,
            "Type": "UI + Mobile",
            "Version": 2,
          },
          Object {
            "BucketId": 18,
            "Description": "UI/UX update to check out process, including UX update to any required payment.  Includes making this process mobile friendly.   ",
            "ItemId": 67,
            "ItemTitle": "Check Out",
            "MockUpLink": "Pending:  UI will be similar to check in",
            "OrderInLane": 9,
            "Priority": 4,
            "Type": "UI + Mobile",
            "Version": 2,
          },
          Object {
            "BucketId": 18,
            "Description": "UI/UX update to payment including allowing payment on mobile device.",
            "ItemId": 68,
            "ItemTitle": "Payment",
            "MockUpLink": "Pending",
            "OrderInLane": 10,
            "Priority": 4,
            "Type": "UI + Mobile",
            "Version": 2,
          },
          Object {
            "BucketId": 18,
            "Description": "Very basic update to the folio page to make styles match the new UI (no UX changes)",
            "ItemId": 69,
            "ItemTitle": "Folio UI (Comsmetic)",
            "MockUpLink": "https://invis.io/VZ57JLFSJ#/122065427_ExistingReservation-Viewfoliodetails",
            "OrderInLane": 11,
            "Priority": 16,
            "Type": "UI",
            "Version": 0,
          },
          Object {
            "BucketId": 18,
            "Description": "Ability to store additional guest information staying in a room.  This becomes especially important when we have multi room reservations",
            "ItemId": 70,
            "ItemTitle": "Additional Guests",
            "MockUpLink": "Pending",
            "OrderInLane": 12,
            "Priority": 28,
            "Type": "Feature",
            "Version": 0,
          },
        ],
        "OrderInVertical": 1,
      },
      Object {
        "BucketId": 19,
        "Description": "Unit Owners",
        "Items": Array [
          Object {
            "BucketId": 19,
            "Description": "1. Overhaul to Unit Owner UI
2. Portal for Unit Owner to login and view information about their unit and related revenue/expenses
3. Allow different revenue splits per unit/owner (currently our system can only have 1 split % across all units in a property",
            "ItemId": 71,
            "ItemTitle": "Unit Owner Overhaul + Features",
            "MockUpLink": "Pending",
            "OrderInLane": 1,
            "Priority": 23,
            "Type": "Feature",
            "Version": 0,
          },
        ],
        "OrderInVertical": 19,
      },
    ],
    "type": "FETCH_DATA_SUCCESS",
  },
]
`;
